1785298851.581 SESSION_COMMAND_PUBLISHED
1785298851.731 I (27450) mqtt_manager: MQTT command received topic=resq/M637/cmd/session/start payload_len=225
1785298851.759 I (27460) mqtt_manager: Dequeued MQTT command topic=resq/M637/cmd/session/start payload={"request_id":"phase7-wdt-repro-start-20260729-02","session_id":"phase7-wdt-repro-20260729-02","profile_id":"adult-basic","profile_version":1,"profile_hash":"a82453dd6c8100d280a5b711dceca20b8df17fe45ec7dfc6fbfd0d2ad257068f"}
1785298851.759 
1785298851.766 I (27470) paired_idle: Command suffix=cmd/session/start visible_state=READY_FOR_SESSION
1785298851.775 I (27480) session_manager: Session started id=phase7-wdt-repro-20260729-02 profile=adult-basic
1785298851.781 I (27490) session_active_mgr: SESSION_PRESSURE_AVAILABLE valid_mask=0x07
1785298851.787 Guru Meditation Error: Core  0 panic'ed (Stack protection fault).
1785298851.787 
1785298851.790 Detected in task "main" at 0x4038f926
1785298851.793 Stack pointer: 0x3fc9f9f0
1785298851.796 Stack bounds: 0x3fc9fa0c - 0x3fca0a00
1785298851.796 
1785298851.797 
1785298851.799 Core  0 register dump:
1785298851.806 MEPC    : 0x4038f938  RA      : 0x420073c6  SP      : 0x3fc9f9f0  GP      : 0x3fc92200
1785298851.815 TP      : 0x3fca09f0  T0      : 0x4005890e  T1      : 0x0000000f  T2      : 0xffffffff
1785298851.822 S0/FP   : 0x00000020  S1      : 0x3fca162c  A0      : 0x3fc930c4  A1      : 0x3fc9fb40
1785298851.831 A2      : 0x0000c640  A3      : 0x00000020  A4      : 0x00000002  A5      : 0x00000000
1785298851.838 A6      : 0x00000003  A7      : 0x80808080  S2      : 0x3fc9fb40  S3      : 0x00000031
1785298851.846 S4      : 0x3fc9fb40  S5      : 0x00000031  S6      : 0x00000003  S7      : 0x00000048
1785298851.853 S8      : 0x3c0eec34  S9      : 0x000000ff  S10     : 0x00000000  S11     : 0x000000ff
1785298851.861 T3      : 0x3fc9fa88  T4      : 0x0000677e  T5      : 0x35653039  T6      : 0x34383565
1785298851.869 MSTATUS : 0x00001881  MTVEC   : 0x40380001  MCAUSE  : 0x0000001b  MTVAL   : 0x00008a2e
1785298851.871 MHARTID : 0x00000000
1785298851.872 
1785298851.873 Stack memory:
1785298851.881 3fc9f9f0: 0x3fc9f9e0 0x00000010 0x0008010a 0x3fc930c4 0x00000000 0x3fca10dc 0x00001000 0xa5a5a5a5
1785298851.890 3fc9fa10: 0x00000048 0x00000003 0x00000031 0x3fc9fb40 0x00000031 0x3fc9fb40 0x3fca162c 0x420073c6
1785298851.899 3fc9fa30: 0xa5a5a5a5 0xa5a5a5a5 0xa5a5a5a5 0xa5a5a5a5 0x3fc9fa80 0x3fca162c 0x00000030 0x42009a62
1785298851.907 3fc9fa50: 0xa5a5a5a5 0xa5a5a5a5 0x0000001b 0x4200a62e 0xa5a5a5a5 0x3fca162c 0x0000001b 0x4200af5e
1785298851.915 3fc9fa70: 0xa5a5a5a5 0xa5a5a5a5 0xa5a5a5a5 0x3fc9faec 0xff004803 0xa5a5a5a5 0x5f6c6163 0x6174656d
1785298851.925 3fc9fa90: 0x00000000 0x00000000 0xffffffff 0xffffffff 0xa5a5a5a5 0xa5a5a5a5 0xa5a5a5a5 0x00000000
1785298851.933 3fc9fab0: 0x00000000 0x00000000 0x3fc9fb3c 0x00000003 0x00000048 0x3c0eec34 0x3fc9fb40 0x000000ff
1785298851.942 3fc9fad0: 0x000000ff 0x3fca162c 0x3fca162c 0x42008654 0xa5a5a5a5 0xa5a5a5a5 0xa5a5a5a5 0x00000000
1785298851.950 3fc9faf0: 0xa5a5a5a5 0xa5a5a5a5 0x00000001 0x3fc9fd8c 0x3fc9fda0 0x3fca04e8 0x3fc9fb94 0x00000041
1785298851.958 3fc9fb10: 0x3c0eec34 0x00000003 0x3fca14c0 0x42008c1e 0x00000000 0x00000001 0x700000bb 0x008c2008
1785298851.967 3fc9fb30: 0xffffffff 0x00000001 0x3fca1234 0x00000000 0x0000c620 0x00000001 0x700000bb 0x700000bb
1785298851.976 3fc9fb50: 0x00000020 0x00000020 0x3fc9fd40 0x3fc9fbdc 0x00000041 0x3c0eec34 0x3fc9fd1c 0x3fc9fbdc
1785298851.984 3fc9fb70: 0x00000041 0x3c0eec34 0x00000000 0x420098e8 0xb0371706 0x5f6c6163 0x0000000c 0x42007a2e
1785298851.993 3fc9fb90: 0x00000000 0xffff0118 0x3fcba1c4 0x403847be 0xffffffff 0x00000001 0x00000000 0x00000001
1785298852.001 3fc9fbb0: 0x0000000c 0x3fc95d68 0x3fc9fd1c 0x42007c7a 0x0000c5e0 0x00000020 0x0000c5c0 0x4202e492
1785298852.010 3fc9fbd0: 0x00000020 0x00000001 0x3fc9fc40 0x00000014 0x000007d0 0x00010d41 0x3fc9ff1c 0x4202e78a
1785298852.019 3fc9fbf0: 0x00000000 0xffffffff 0x3fc93140 0x42000f72 0xffffffff 0xffffffff 0x3fc93140 0x403804e6
1785298852.027 3fc9fc10: 0xffffffff 0xffffffff 0x3fc93140 0x403802e4 0x00000024 0x00000001 0x3fc9fe48 0x4038661a
1785298852.036 3fc9fc30: 0x00000020 0x00000000 0x00000020 0x008c2008 0x00000020 0x00000000 0x00000000 0x403847be
1785298852.044 3fc9fc50: 0x3fc9fc88 0x00000001 0x700000bb 0x008c2008 0x00000000 0x00000020 0x3fc9fe50 0x403847be
1785298852.053 3fc9fc70: 0x0000c620 0x00000001 0x700000bb 0x700000bb 0x00000020 0x00000020 0x3fc9fe70 0x00000000
1785298852.062 3fc9fc90: 0x0000c4c0 0x00000020 0x0000c4a0 0x40390e10 0x00000020 0x00000001 0x3fc9fd10 0x000a4203
1785298852.070 3fc9fcb0: 0xb0371706 0x5f6c6163 0x746f6c73 0x008c2008 0x00000000 0xffff0118 0x3fc93140 0x403847be
1785298852.079 3fc9fcd0: 0xffffffff 0x00000001 0x700000bb 0x700000bb 0xffffffff 0x00000020 0x3fc9fe00 0x00000000
1785298852.087 3fc9fcf0: 0x0000c5e0 0x00000020 0x0000c5c0 0x40390e10 0x00000020 0x00000001 0x3fc9fd70 0x0000003c
1785298852.096 3fc9fd10: 0x000007d0 0x00010d41 0x00000000 0x00000000 0x00000000 0x00000000 0x00000000 0x00000000
1785298852.105 3fc9fd30: 0xffffffff 0xffffffff 0x3fc93140 0x3fcb3830 0x3fc95efa 0x3fca04e8 0x00000000 0x00000001
1785298852.113 3fc9fd50: 0x0000000c 0x3fc95d68 0x3fc9ff1c 0x4202ec70 0x00000000 0x00000000 0x3fca1a7c 0x420d7f98
1785298852.122 3fc9fd70: 0x00000020 0x00000000 0x3fca1a7c 0x00000000 0x00000000 0x00000000 0x3fca1a7c 0xffffffff
1785298852.130 3fc9fd90: 0x00000000 0x3fca162c 0x00000023 0x00000001 0x00000000 0x00000001 0x00000000 0x420b689a
1785298852.139 3fc9fdb0: 0x00000000 0x00000000 0x3fca1a7c 0x40387442 0x00000000 0x00000000 0x3fca1a7c 0x420d7f98
1785298852.147 3fc9fdd0: 0x00000018 0x00000020 0x00000000 0x40388a1c 0x00001800 0x00000014 0x3fc9dc30 0x40388a66
1785298852.148 
1785298852.148 
1785298852.148 
1785298852.150 ELF file SHA256: d202b7e08
1785298852.151 
1785298852.152 Rebooting...
1785298852.167 ESP-ROM:esp32c3-api1-20210207
1785298852.168 Build:Feb  7 2021
1785298852.173 rst:0xc (RTC_SW_CPU_RST),boot:0xc (SPI_FAST_FLASH_BOOT)
1785298852.175 Saved PC:0x40387014
1785298852.176 SPIWP:0xee
1785298852.178 mode:DIO, clock div:1
1785298852.180 load:0x3fcd5830,len:0x155c
1785298852.183 load:0x403cbf10,len:0xce0
1785298852.185 load:0x403ce710,len:0x2fbc
1785298852.187 entry 0x403cbf1a
1785298852.192 I (35) boot: ESP-IDF v6.0-dirty 2nd stage bootloader
1785298852.197 I (35) boot: compile time Jul 29 2026 08:32:56
1785298852.199 I (35) boot: chip revision: v0.4
1785298852.203 I (35) boot: efuse block revision: v1.3
1785298852.207 I (39) boot.esp32c3: SPI Speed      : 80MHz
1785298852.210 I (43) boot.esp32c3: SPI Mode       : DIO
1785298852.214 I (47) boot.esp32c3: SPI Flash Size : 2MB
1785298852.218 I (50) boot: Enabling RNG early entropy source...
1785298852.221 I (55) boot: Partition Table:
1785298852.227 I (58) boot: ## Label            Usage          Type ST Offset   Length
1785298852.234 I (64) boot:  0 nvs              WiFi data        01 02 00009000 00006000
1785298852.241 I (70) boot:  1 phy_init         RF data          01 01 0000f000 00001000
1785298852.247 I (77) boot:  2 factory          factory app      00 00 00010000 001e0000
1785298852.250 I (83) boot: End of partition table
1785298852.258 I (87) esp_image: segment 0: paddr=00010020 vaddr=3c0e0020 size=2c3a8h (181160) map
1785298852.282 I (122) esp_image: segment 1: paddr=0003c3d0 vaddr=3fc91a00 size=03418h ( 13336) load
1785298852.290 I (125) esp_image: segment 2: paddr=0003f7f0 vaddr=40380000 size=00828h (  2088) load
1785298852.297 I (127) esp_image: segment 3: paddr=00040020 vaddr=42000020 size=da738h (894776) map
1785298852.433 I (273) esp_image: segment 4: paddr=0011a760 vaddr=40380828 size=11010h ( 69648) load
1785298852.446 I (286) esp_image: segment 5: paddr=0012b778 vaddr=50000000 size=00024h (    36) load
1785298852.451 I (292) boot: Loaded app from partition at offset 0x10000
1785298852.456 I (292) boot: Disabling RNG early entropy source...
1785298852.459 I (304) cpu_start: Unicore app
1785298852.471 I (312) cpu_start: GPIO 20 and 21 are used as console UART I/O pins
1785298852.475 I (313) cpu_start: Pro cpu start user code
1785298852.478 I (313) cpu_start: cpu freq: 160000000 Hz
1785298852.482 I (315) app_init: Application information:
1785298852.487 I (318) app_init: Project name:     resq-firmware
1785298852.493 I (323) app_init: App version:      localhub-v0.1.1-103-gc7cc8c8-di
1785298852.498 I (329) app_init: Compile time:     Jul 29 2026 08:32:28
1785298852.502 I (334) app_init: ELF file SHA256:  d202b7e08...
1785298852.506 I (338) app_init: ESP-IDF:          v6.0-dirty
1785298852.510 I (342) efuse_init: Min chip rev:     v0.3
1785298852.514 I (346) efuse_init: Max chip rev:     v1.99
1785298852.518 I (350) efuse_init: Chip rev:         v0.4
1785298852.525 I (354) heap_init: Initializing. RAM available for dynamic allocation:
1785298852.530 I (360) heap_init: At 3FC9DC30 len 000223D0 (136 KiB): RAM
1785298852.535 I (366) heap_init: At 3FCC0000 len 0001C710 (113 KiB): Retention RAM
1785298852.542 I (372) heap_init: At 3FCDC710 len 00002950 (10 KiB): Retention RAM
1785298852.546 I (378) heap_init: At 50000024 len 00001FC4 (7 KiB): RTCRAM
1785298852.551 I (384) spi_flash: detected chip: generic
1785298852.554 I (387) spi_flash: flash io: dio
1785298852.565 W (390) spi_flash: Detected size(4096k) larger than the size in the binary image header(2048k). Using the size in the binary image header.
1785298852.571 I (403) sleep_gpio: Configure to isolate all GPIO pins in sleep state
1785298852.578 I (408) sleep_gpio: Enable automatic switching of GPIO sleep configuration
1785298852.581 I (415) main_task: Started on CPU0
1785298852.585 I (415) main_task: Calling app_main()
1785298852.590 I (425) io_mode: Active hardware I/O mode: SENSOR
1785298852.598 I (425) system_buttons: System button manager initialized with GPIO interrupts BUTTON_1=4 BUTTON_2=5
1785298852.607 I (435) error_manager: Error manager initialized (button GPIOs managed by system_button_manager)
1785298852.610 I (435) resq_fsm: Entering state: BOOT
1785298852.616 I (445) status_indicator: State indicator changed to BOOT
1785298852.622 I (445) provisioning_manager: Provisioning manager initialized
1785298852.624 I (455) pp: pp rom version: 9387209
1785298852.629 I (455) net80211: net80211 rom version: 9387209
1785298852.635 I (475) wifi:wifi driver task: 3fca7c60, prio:23, stack:6656, core=0
1785298852.639 I (475) wifi:wifi firmware version: 44738b4
1785298852.643 I (475) wifi:wifi certification version: v7.0
1785298852.647 I (475) wifi:config NVS flash: enabled
1785298852.651 I (475) wifi:config nano formatting: disabled
1785298852.656 I (485) wifi:Init data frame dynamic rx buffer num: 32
1785298852.660 I (485) wifi:Init static rx mgmt buffer num: 5
1785298852.664 I (495) wifi:Init management short buffer num: 32
1785298852.669 I (495) wifi:Init dynamic tx buffer num: 32
1785298852.672 I (495) wifi:Init static tx FG buffer num: 2
1785298852.676 I (505) wifi:Init static rx buffer size: 1600
1785298852.680 I (505) wifi:Init static rx buffer num: 10
1785298852.684 I (515) wifi:Init dynamic rx buffer num: 32
1785298852.687 I (515) wifi_init: rx ba win: 6
1785298852.690 I (515) wifi_init: accept mbox: 6
1785298852.693 I (525) wifi_init: tcpip mbox: 32
1785298852.696 I (525) wifi_init: udp mbox: 6
1785298852.699 I (525) wifi_init: tcp mbox: 6
1785298852.702 I (525) wifi_init: tcp tx win: 5760
1785298852.705 I (535) wifi_init: tcp rx win: 5760
1785298852.708 I (535) wifi_init: tcp mss: 1440
1785298852.711 I (535) wifi_init: WiFi IRAM OP enabled
1785298852.715 I (545) wifi_init: WiFi RX IRAM OP enabled
1785298852.719 I (545) wifi_manager: Wi-Fi manager initialized
1785298852.724 I (555) paired_idle: Paired idle manager initialized
1785298852.731 I (555) adc_shared_service: Shared ADC service initialized for Hall channel
1785298852.736 I (565) calibration_manager: Calibration manager initialized
1785298852.746 I (565) calibration_fail_mgr: Calibration fail manager initialized (button GPIOs managed by system_button_manager)
1785298852.751 I (575) buzzer_manager: buzzer initialized on gpio 18
1785298852.758 I (585) resq_main: Sensor-mode components initialized; shared HX710 SCK is LOW
1785298852.763 I (585) resq_main: Core firmware components initialized
1785298852.767 I (595) resq_fsm: Entering state: CONFIG_CHECK
1785298852.773 I (595) status_indicator: State indicator changed to CONFIG_CHECK
1785298852.862 I (705) resq_fsm: Entering state: WIFI_CONNECTING
1785298852.868 I (705) status_indicator: State indicator changed to WIFI_CONNECTING
1785298852.967 W (805) wifi:Password length matches WPA2 standards, authmode threshold changes from OPEN to WPA2
1785298852.973 I (805) phy_init: phy_version 1232,d493f299,Aug 25 2025,19:01:20
1785298853.000 I (835) wifi:mode : sta (50:78:7d:92:5d:a4)
1785298853.002 I (835) wifi:enable tsf
1785298853.005 I (845) wifi_manager: Wi-Fi STA started
1785298853.011 I (845) wifi_manager: Connecting to Wi-Fi SSID: Dialog 4G 7A5
1785298853.018 I (845) wifi:new:<6,1>, old:<1,0>, ap:<255,255>, sta:<6,1>, prof:1, snd_ch_cfg:0x0
1785298853.022 I (855) wifi:state: init -> auth (0xb0)
1785298853.032 I (875) wifi:state: auth -> assoc (0x0)
1785298853.054 I (895) wifi:state: assoc -> run (0x10)
1785298853.167 I (1005) wifi:connected with Dialog 4G 7A5, aid = 1, channel 6, 40U, bssid = c0:5b:25:30:a7:a5
1785298853.172 I (1005) wifi:security: WPA2-PSK, phy: bgn, rssi: -56
1785298853.175 I (1005) wifi:pm start, type: 1
1785298853.175 
1785298853.183 I (1005) wifi:dp: 1, bi: 102400, li: 3, scale listen interval from 307200 us to 307200 us
1785298853.192 I (1015) wifi:set rx beacon pti, rx_bcn_pti: 0, bcn_timeout: 25000, mt_pti: 0, mt_time: 10000
1785298853.198 I (1035) wifi:<ba-add>idx:0 (ifx:0, c0:5b:25:30:a7:a5), tid:0, ssn:3, winSize:64
1785298853.235 I (1075) wifi:AP's beacon interval = 102400 us, DTIM period = 1
1785298854.216 I (2055) esp_netif_handlers: sta ip: 192.168.8.161, mask: 255.255.255.0, gw: 192.168.8.1
1785298854.220 I (2055) wifi_manager: Got IP: 192.168.8.161
1785298854.224 I (2055) wifi_manager: Wi-Fi connected successfully
1785298854.229 I (2055) resq_fsm: Entering state: BACKEND_REGISTERING
1785298854.236 I (2065) status_indicator: State indicator changed to BACKEND_REGISTERING
1785298854.323 I (2165) resq_fsm: Backend registration start mode=SENSOR
1785298854.331 I (2165) backend_register: Sending registration to: http://192.168.8.187:18080/api/devices/register
1785298854.636 I (2475) backend_register: Registration HTTP status: 200
1785298854.642 I (2475) backend_register: Registration response parsed successfully
1785298854.651 I (2475) backend_register: Registration complete device_id=M637 mqtt_host=192.168.8.187 mqtt_port=1883
1785298854.655 I (2485) resq_fsm: Entering state: MQTT_CONNECTING
1785298854.661 I (2485) status_indicator: State indicator changed to MQTT_CONNECTING
1785298854.774 I (2605) mqtt_manager: MQTT transport connected; subscribing to commands
1785298854.782 I (2615) mqtt_manager: Command subscription requested: resq/M637/cmd/# (msg_id=34201)
1785298854.786 I (2615) mqtt_manager: MQTT command channel ready
1785298854.793 I (2635) resq_fsm: Entering state: READY_FOR_SESSION
1785298854.799 I (2635) status_indicator: State indicator changed to READY_FOR_SESSION
1785298854.894 I (2735) status_indicator: State indicator changed to READY_FOR_SESSION
1785298854.900 I (2735) status_indicator: State indicator changed to READY_FOR_SESSION
1785298888.879 SESSION_COMMAND_PUBLISHED
1785298888.891 I (28390) mqtt_manager: MQTT command received topic=resq/M637/cmd/session/start payload_len=225
1785298888.919 I (28390) mqtt_manager: Dequeued MQTT command topic=resq/M637/cmd/session/start payload={"request_id":"phase7-wdt-repro-start-20260729-03","session_id":"phase7-wdt-repro-20260729-03","profile_id":"adult-basic","profile_version":1,"profile_hash":"a82453dd6c8100d280a5b711dceca20b8df17fe45ec7dfc6fbfd0d2ad257068f"}
1785298888.919 
1785298888.926 I (28410) paired_idle: Command suffix=cmd/session/start visible_state=READY_FOR_SESSION
1785298888.935 I (28420) session_manager: Session started id=phase7-wdt-repro-20260729-03 profile=adult-basic
1785298888.941 I (28430) session_active_mgr: SESSION_PRESSURE_AVAILABLE valid_mask=0x07
1785298888.947 Guru Meditation Error: Core  0 panic'ed (Stack protection fault).
1785298888.947 
1785298888.951 Detected in task "main" at 0x4038f926
1785298888.953 Stack pointer: 0x3fc9f9f0
1785298888.956 Stack bounds: 0x3fc9fa0c - 0x3fca0a00
1785298888.957 
1785298888.957 
1785298888.959 Core  0 register dump:
1785298888.967 MEPC    : 0x4038f938  RA      : 0x420073c6  SP      : 0x3fc9f9f0  GP      : 0x3fc92200
1785298888.974 TP      : 0x3fca09f0  T0      : 0x4005890e  T1      : 0x0000000f  T2      : 0xffffffff
1785298888.982 S0/FP   : 0x00000020  S1      : 0x3fca162c  A0      : 0x3fc930c4  A1      : 0x3fc9fb40
1785298888.990 A2      : 0x0000c640  A3      : 0x00000020  A4      : 0x00000002  A5      : 0x00000000
1785298888.998 A6      : 0x00000003  A7      : 0x80808080  S2      : 0x3fc9fb40  S3      : 0x00000031
1785298889.007 S4      : 0x3fc9fb40  S5      : 0x00000031  S6      : 0x00000003  S7      : 0x00000048
1785298889.014 S8      : 0x3c0eec34  S9      : 0x000000ff  S10     : 0x00000000  S11     : 0x000000ff
1785298889.021 T3      : 0x3fc9fa88  T4      : 0x00006b12  T5      : 0x65366666  T6      : 0x34343066
1785298889.029 MSTATUS : 0x00001881  MTVEC   : 0x40380001  MCAUSE  : 0x0000001b  MTVAL   : 0x00008a2e
1785298889.032 MHARTID : 0x00000000
1785298889.032 
1785298889.033 Stack memory:
1785298889.041 3fc9f9f0: 0x3fc9f9e0 0x00000010 0x0008010a 0x3fc930c4 0x00000000 0x3fca10dc 0x00001000 0xa5a5a5a5
1785298889.050 3fc9fa10: 0x00000048 0x00000003 0x00000031 0x3fc9fb40 0x00000031 0x3fc9fb40 0x3fca162c 0x420073c6
1785298889.060 3fc9fa30: 0xa5a5a5a5 0xa5a5a5a5 0xa5a5a5a5 0xa5a5a5a5 0x3fc9fa80 0x3fca162c 0x00000030 0x42009a62
1785298889.067 3fc9fa50: 0xa5a5a5a5 0xa5a5a5a5 0x0000001b 0x4200a62e 0xa5a5a5a5 0x3fca162c 0x0000001b 0x4200af5e
1785298889.077 3fc9fa70: 0xa5a5a5a5 0xa5a5a5a5 0xa5a5a5a5 0x3fc9faec 0xff004803 0xa5a5a5a5 0x5f6c6163 0x6174656d
1785298889.085 3fc9fa90: 0x00000000 0x00000000 0xffffffff 0xffffffff 0xa5a5a5a5 0xa5a5a5a5 0xa5a5a5a5 0x00000000
1785298889.093 3fc9fab0: 0x00000000 0x00000000 0x3fc9fb3c 0x00000003 0x00000048 0x3c0eec34 0x3fc9fb40 0x000000ff
1785298889.101 3fc9fad0: 0x000000ff 0x3fca162c 0x3fca162c 0x42008654 0xa5a5a5a5 0xa5a5a5a5 0xa5a5a5a5 0x00000000
1785298889.110 3fc9faf0: 0xa5a5a5a5 0xa5a5a5a5 0x00000001 0x3fc9fd8c 0x3fc9fda0 0x3fca04e8 0x3fc9fb94 0x00000041
1785298889.119 3fc9fb10: 0x3c0eec34 0x00000003 0x3fca14c0 0x42008c1e 0x00000000 0x00000001 0x700000bb 0x008c2008
1785298889.127 3fc9fb30: 0xffffffff 0x00000001 0x3fca1234 0x00000000 0x0000c620 0x00000001 0x700000bb 0x700000bb
1785298889.136 3fc9fb50: 0x00000020 0x00000020 0x3fc9fd40 0x3fc9fbdc 0x00000041 0x3c0eec34 0x3fc9fd1c 0x3fc9fbdc
1785298889.145 3fc9fb70: 0x00000041 0x3c0eec34 0x00000000 0x420098e8 0xb0371706 0x5f6c6163 0x0000000c 0x42007a2e
1785298889.153 3fc9fb90: 0x00000000 0xffff0118 0x3fcb2c90 0x403847be 0xffffffff 0x00000001 0x00000000 0x00000001
1785298889.162 3fc9fbb0: 0x0000000c 0x3fc95d68 0x3fc9fd1c 0x42007c7a 0x0000c5e0 0x00000020 0x0000c5c0 0x4202e492
1785298889.170 3fc9fbd0: 0x00000020 0x00000001 0x3fc9fc40 0x00000014 0x000007d0 0x00010d41 0x3fc9ff1c 0x4202e78a
1785298889.179 3fc9fbf0: 0x00000000 0xffffffff 0x3fc93140 0x42000f72 0xffffffff 0xffffffff 0x3fc93140 0x403804e6
1785298889.187 3fc9fc10: 0xffffffff 0xffffffff 0x3fc93140 0x403802e4 0x00000024 0x00000001 0x3fc9fe48 0x4038661a
1785298889.196 3fc9fc30: 0x00000020 0x00000000 0x00000020 0x008c2008 0x00000020 0x00000000 0x00000000 0x403847be
1785298889.205 3fc9fc50: 0x00000020 0x00000001 0x700000bb 0x008c2008 0x00000000 0x00000020 0x3fc9fe50 0x403847be
1785298889.213 3fc9fc70: 0x0000c620 0x00000001 0x700000bb 0x700000bb 0x00000020 0x00000020 0x3fc9fe70 0x00000000
1785298889.222 3fc9fc90: 0x0000c4c0 0x00000020 0x0000c4a0 0x40390e10 0x00000020 0x00000001 0x3fc9fd10 0x000a4203
1785298889.230 3fc9fcb0: 0xb0371706 0x5f6c6163 0x746f6c73 0x008c2008 0x00000000 0xffff0118 0x3fc93140 0x403847be
1785298889.240 3fc9fcd0: 0xffffffff 0x00000001 0x700000bb 0x700000bb 0xffffffff 0x00000020 0x3fc9fe00 0x00000000
1785298889.248 3fc9fcf0: 0x0000c5e0 0x00000020 0x0000c5c0 0x40390e10 0x00000020 0x00000001 0x3fc9fd70 0x0000003c
1785298889.257 3fc9fd10: 0x000007d0 0x00010d41 0x00000000 0x00000000 0x00000000 0x00000000 0x00000000 0x00000000
1785298889.265 3fc9fd30: 0xffffffff 0xffffffff 0x3fc93140 0x3fcb34d8 0x3fc95efa 0x3fca04e8 0x00000000 0x00000001
1785298889.274 3fc9fd50: 0x0000000c 0x3fc95d68 0x3fc9ff1c 0x4202ec70 0x00000000 0x00000000 0x3fca1a7c 0x420d7f98
1785298889.282 3fc9fd70: 0x00000020 0x00000000 0x3fca1a7c 0x00000000 0x00000000 0x00000000 0x3fca1a7c 0xffffffff
1785298889.291 3fc9fd90: 0x00000000 0x3fca162c 0x00000023 0x00000001 0x00000000 0x00000001 0x00000000 0x420b689a
1785298889.299 3fc9fdb0: 0x00000000 0x00000000 0x3fca1a7c 0x40387442 0x00000000 0x00000000 0x3fca1a7c 0x420d7f98
1785298889.309 3fc9fdd0: 0x420d7f98 0x420d7f98 0x00000000 0x40388a1c 0x00001800 0x00000014 0x3fc9dc30 0x40388a66
1785298889.309 
1785298889.309 
1785298889.309 
1785298889.312 ELF file SHA256: d202b7e08
1785298889.312 
1785298889.313 Rebooting...
1785298889.327 ESP-ROM:esp32c3-api1-20210207
1785298889.329 Build:Feb  7 2021
1785298889.333 rst:0xc (RTC_SW_CPU_RST),boot:0xc (SPI_FAST_FLASH_BOOT)
1785298889.335 Saved PC:0x40387014
1785298889.336 SPIWP:0xee
1785298889.339 mode:DIO, clock div:1
1785298889.341 load:0x3fcd5830,len:0x155c
1785298889.343 load:0x403cbf10,len:0xce0
1785298889.346 load:0x403ce710,len:0x2fbc
1785298889.347 entry 0x403cbf1a
1785298889.353 I (35) boot: ESP-IDF v6.0-dirty 2nd stage bootloader
1785298889.357 I (35) boot: compile time Jul 29 2026 08:32:56
1785298889.360 I (35) boot: chip revision: v0.4
1785298889.364 I (35) boot: efuse block revision: v1.3
1785298889.367 I (39) boot.esp32c3: SPI Speed      : 80MHz
1785298889.371 I (43) boot.esp32c3: SPI Mode       : DIO
1785298889.374 I (47) boot.esp32c3: SPI Flash Size : 2MB
1785298889.379 I (50) boot: Enabling RNG early entropy source...
1785298889.382 I (55) boot: Partition Table:
1785298889.388 I (58) boot: ## Label            Usage          Type ST Offset   Length
1785298889.394 I (64) boot:  0 nvs              WiFi data        01 02 00009000 00006000
1785298889.401 I (70) boot:  1 phy_init         RF data          01 01 0000f000 00001000
1785298889.407 I (77) boot:  2 factory          factory app      00 00 00010000 001e0000
1785298889.410 I (83) boot: End of partition table
1785298889.418 I (87) esp_image: segment 0: paddr=00010020 vaddr=3c0e0020 size=2c3a8h (181160) map
1785298889.443 I (122) esp_image: segment 1: paddr=0003c3d0 vaddr=3fc91a00 size=03418h ( 13336) load
1785298889.450 I (125) esp_image: segment 2: paddr=0003f7f0 vaddr=40380000 size=00828h (  2088) load
1785298889.458 I (127) esp_image: segment 3: paddr=00040020 vaddr=42000020 size=da738h (894776) map
1785298889.594 I (273) esp_image: segment 4: paddr=0011a760 vaddr=40380828 size=11010h ( 69648) load
1785298889.606 I (286) esp_image: segment 5: paddr=0012b778 vaddr=50000000 size=00024h (    36) load
1785298889.611 I (292) boot: Loaded app from partition at offset 0x10000
1785298889.616 I (292) boot: Disabling RNG early entropy source...
1785298889.619 I (304) cpu_start: Unicore app
1785298889.631 I (312) cpu_start: GPIO 20 and 21 are used as console UART I/O pins
1785298889.635 I (313) cpu_start: Pro cpu start user code
1785298889.639 I (313) cpu_start: cpu freq: 160000000 Hz
1785298889.642 I (315) app_init: Application information:
1785298889.647 I (318) app_init: Project name:     resq-firmware
1785298889.653 I (323) app_init: App version:      localhub-v0.1.1-103-gc7cc8c8-di
1785298889.658 I (329) app_init: Compile time:     Jul 29 2026 08:32:28
1785298889.662 I (334) app_init: ELF file SHA256:  d202b7e08...
1785298889.666 I (338) app_init: ESP-IDF:          v6.0-dirty
1785298889.670 I (342) efuse_init: Min chip rev:     v0.3
1785298889.674 I (346) efuse_init: Max chip rev:     v1.99
1785298889.678 I (350) efuse_init: Chip rev:         v0.4
1785298889.684 I (354) heap_init: Initializing. RAM available for dynamic allocation:
1785298889.689 I (360) heap_init: At 3FC9DC30 len 000223D0 (136 KiB): RAM
1785298889.696 I (366) heap_init: At 3FCC0000 len 0001C710 (113 KiB): Retention RAM
1785298889.702 I (372) heap_init: At 3FCDC710 len 00002950 (10 KiB): Retention RAM
1785298889.708 I (378) heap_init: At 50000024 len 00001FC4 (7 KiB): RTCRAM
1785298889.711 I (384) spi_flash: detected chip: generic
1785298889.714 I (387) spi_flash: flash io: dio
1785298889.726 W (390) spi_flash: Detected size(4096k) larger than the size in the binary image header(2048k). Using the size in the binary image header.
1785298889.732 I (403) sleep_gpio: Configure to isolate all GPIO pins in sleep state
1785298889.739 I (408) sleep_gpio: Enable automatic switching of GPIO sleep configuration
1785298889.742 I (415) main_task: Started on CPU0
1785298889.745 I (415) main_task: Calling app_main()
1785298889.750 I (425) io_mode: Active hardware I/O mode: SENSOR
1785298889.759 I (425) system_buttons: System button manager initialized with GPIO interrupts BUTTON_1=4 BUTTON_2=5
1785298889.767 I (435) error_manager: Error manager initialized (button GPIOs managed by system_button_manager)
1785298889.771 I (435) resq_fsm: Entering state: BOOT
1785298889.776 I (445) status_indicator: State indicator changed to BOOT
1785298889.782 I (445) provisioning_manager: Provisioning manager initialized
1785298889.785 I (455) pp: pp rom version: 9387209
1785298889.789 I (455) net80211: net80211 rom version: 9387209
1785298889.796 I (475) wifi:wifi driver task: 3fca7c60, prio:23, stack:6656, core=0
1785298889.799 I (475) wifi:wifi firmware version: 44738b4
1785298889.803 I (475) wifi:wifi certification version: v7.0
1785298889.807 I (475) wifi:config NVS flash: enabled
1785298889.811 I (475) wifi:config nano formatting: disabled
1785298889.816 I (485) wifi:Init data frame dynamic rx buffer num: 32
1785298889.820 I (485) wifi:Init static rx mgmt buffer num: 5
1785298889.824 I (495) wifi:Init management short buffer num: 32
1785298889.828 I (495) wifi:Init dynamic tx buffer num: 32
1785298889.832 I (495) wifi:Init static tx FG buffer num: 2
1785298889.836 I (505) wifi:Init static rx buffer size: 1600
1785298889.841 I (505) wifi:Init static rx buffer num: 10
1785298889.844 I (515) wifi:Init dynamic rx buffer num: 32
1785298889.847 I (515) wifi_init: rx ba win: 6
1785298889.850 I (515) wifi_init: accept mbox: 6
1785298889.853 I (525) wifi_init: tcpip mbox: 32
1785298889.856 I (525) wifi_init: udp mbox: 6
1785298889.859 I (525) wifi_init: tcp mbox: 6
1785298889.863 I (525) wifi_init: tcp tx win: 5760
1785298889.865 I (535) wifi_init: tcp rx win: 5760
1785298889.869 I (535) wifi_init: tcp mss: 1440
1785298889.872 I (535) wifi_init: WiFi IRAM OP enabled
1785298889.876 I (545) wifi_init: WiFi RX IRAM OP enabled
1785298889.881 I (545) wifi_manager: Wi-Fi manager initialized
1785298889.885 I (555) paired_idle: Paired idle manager initialized
1785298889.892 I (555) adc_shared_service: Shared ADC service initialized for Hall channel
1785298889.896 I (565) calibration_manager: Calibration manager initialized
1785298889.907 I (565) calibration_fail_mgr: Calibration fail manager initialized (button GPIOs managed by system_button_manager)
1785298889.911 I (575) buzzer_manager: buzzer initialized on gpio 18
1785298889.919 I (585) resq_main: Sensor-mode components initialized; shared HX710 SCK is LOW
1785298889.924 I (585) resq_main: Core firmware components initialized
1785298889.927 I (595) resq_fsm: Entering state: CONFIG_CHECK
1785298889.933 I (595) status_indicator: State indicator changed to CONFIG_CHECK
1785298890.023 I (705) resq_fsm: Entering state: WIFI_CONNECTING
1785298890.029 I (705) status_indicator: State indicator changed to WIFI_CONNECTING
1785298890.128 W (805) wifi:Password length matches WPA2 standards, authmode threshold changes from OPEN to WPA2
1785298890.134 I (805) phy_init: phy_version 1232,d493f299,Aug 25 2025,19:01:20
1785298890.160 I (835) wifi:mode : sta (50:78:7d:92:5d:a4)
1785298890.162 I (835) wifi:enable tsf
1785298890.165 I (835) wifi_manager: Wi-Fi STA started
1785298890.171 I (845) wifi_manager: Connecting to Wi-Fi SSID: Dialog 4G 7A5
1785298890.178 I (845) wifi:new:<6,1>, old:<1,0>, ap:<255,255>, sta:<6,1>, prof:1, snd_ch_cfg:0x0
1785298890.182 I (845) wifi:state: init -> auth (0xb0)
1785298890.194 I (875) wifi:state: auth -> assoc (0x0)
1785298890.218 I (895) wifi:state: assoc -> run (0x10)
1785298890.340 I (1015) wifi:connected with Dialog 4G 7A5, aid = 1, channel 6, 40U, bssid = c0:5b:25:30:a7:a5
1785298890.344 I (1015) wifi:security: WPA2-PSK, phy: bgn, rssi: -58
1785298890.347 I (1015) wifi:pm start, type: 1
1785298890.347 
1785298890.355 I (1015) wifi:dp: 1, bi: 102400, li: 3, scale listen interval from 307200 us to 307200 us
1785298890.364 I (1025) wifi:set rx beacon pti, rx_bcn_pti: 0, bcn_timeout: 25000, mt_pti: 0, mt_time: 10000
1785298890.377 I (1055) wifi:<ba-add>idx:0 (ifx:0, c0:5b:25:30:a7:a5), tid:0, ssn:3, winSize:64
1785298890.407 I (1085) wifi:AP's beacon interval = 102400 us, DTIM period = 1
1785298891.387 I (2065) esp_netif_handlers: sta ip: 192.168.8.161, mask: 255.255.255.0, gw: 192.168.8.1
1785298891.390 I (2065) wifi_manager: Got IP: 192.168.8.161
1785298891.396 I (2065) wifi_manager: Wi-Fi connected successfully
1785298891.399 I (2065) resq_fsm: Entering state: BACKEND_REGISTERING
1785298891.407 I (2075) status_indicator: State indicator changed to BACKEND_REGISTERING
1785298891.493 I (2175) resq_fsm: Backend registration start mode=SENSOR
1785298891.502 I (2175) backend_register: Sending registration to: http://192.168.8.187:18080/api/devices/register
1785298891.642 I (2315) backend_register: Registration HTTP status: 200
1785298891.647 I (2325) backend_register: Registration response parsed successfully
1785298891.657 I (2325) backend_register: Registration complete device_id=M637 mqtt_host=192.168.8.187 mqtt_port=1883
1785298891.661 I (2325) resq_fsm: Entering state: MQTT_CONNECTING
1785298891.667 I (2335) status_indicator: State indicator changed to MQTT_CONNECTING
1785298891.857 I (2535) mqtt_manager: MQTT transport connected; subscribing to commands
1785298891.865 I (2535) mqtt_manager: Command subscription requested: resq/M637/cmd/# (msg_id=3564)
1785298891.871 I (2545) mqtt_manager: MQTT command channel ready
1785298891.881 I (2555) resq_fsm: Entering state: READY_FOR_SESSION
1785298891.887 I (2565) status_indicator: State indicator changed to READY_FOR_SESSION
1785298891.985 I (2665) status_indicator: State indicator changed to READY_FOR_SESSION
1785298891.990 I (2665) status_indicator: State indicator changed to READY_FOR_SESSION
1785299212.324 ESP-ROM:esp32c3-api1-20210207
1785299212.335 Build:Feb  7 2021
1785299212.339 rst:0x1 (POWERON),boot:0xc (SPI_FAST_FLASH_BOOT)
1785299212.340 SPIWP:0xee
1785299212.342 mode:DIO, clock div:1
1785299212.345 load:0x3fcd5830,len:0x155c
1785299212.347 load:0x403cbf10,len:0xce0
1785299212.349 load:0x403ce710,len:0x2fbc
1785299212.351 entry 0x403cbf1a
1785299212.356 I (30) boot: ESP-IDF v6.0-dirty 2nd stage bootloader
1785299212.360 I (30) boot: compile time Jul 29 2026 09:55:46
1785299212.363 I (30) boot: chip revision: v0.4
1785299212.367 I (31) boot: efuse block revision: v1.3
1785299212.371 I (34) boot.esp32c3: SPI Speed      : 80MHz
1785299212.375 I (38) boot.esp32c3: SPI Mode       : DIO
1785299212.378 I (42) boot.esp32c3: SPI Flash Size : 2MB
1785299212.383 I (46) boot: Enabling RNG early entropy source...
1785299212.386 I (50) boot: Partition Table:
1785299212.392 I (53) boot: ## Label            Usage          Type ST Offset   Length
1785299212.398 I (59) boot:  0 nvs              WiFi data        01 02 00009000 00006000
1785299212.405 I (66) boot:  1 phy_init         RF data          01 01 0000f000 00001000
1785299212.411 I (72) boot:  2 factory          factory app      00 00 00010000 001e0000
1785299212.415 I (79) boot: End of partition table
1785299212.422 I (82) esp_image: segment 0: paddr=00010020 vaddr=3c0e0020 size=2c3a8h (181160) map
1785299212.447 I (118) esp_image: segment 1: paddr=0003c3d0 vaddr=3fc91a00 size=03418h ( 13336) load
1785299212.454 I (120) esp_image: segment 2: paddr=0003f7f0 vaddr=40380000 size=00828h (  2088) load
1785299212.462 I (122) esp_image: segment 3: paddr=00040020 vaddr=42000020 size=da73ch (894780) map
1785299212.598 I (269) esp_image: segment 4: paddr=0011a764 vaddr=40380828 size=11010h ( 69648) load
1785299212.610 I (281) esp_image: segment 5: paddr=0012b77c vaddr=50000000 size=00024h (    36) load
1785299212.616 I (287) boot: Loaded app from partition at offset 0x10000
1785299212.620 I (287) boot: Disabling RNG early entropy source...
1785299212.623 I (299) cpu_start: Unicore app
1785299212.635 I (308) cpu_start: GPIO 20 and 21 are used as console UART I/O pins
1785299212.639 I (308) cpu_start: Pro cpu start user code
1785299212.643 I (308) cpu_start: cpu freq: 160000000 Hz
1785299212.646 I (310) app_init: Application information:
1785299212.651 I (314) app_init: Project name:     resq-firmware
1785299212.657 I (318) app_init: App version:      localhub-v0.1.1-103-gc7cc8c8-di
1785299212.662 I (324) app_init: Compile time:     Jul 29 2026 09:55:26
1785299212.666 I (329) app_init: ELF file SHA256:  178c8f40d...
1785299212.670 I (333) app_init: ESP-IDF:          v6.0-dirty
1785299212.674 I (338) efuse_init: Min chip rev:     v0.3
1785299212.678 I (341) efuse_init: Max chip rev:     v1.99
1785299212.682 I (345) efuse_init: Chip rev:         v0.4
1785299212.688 I (349) heap_init: Initializing. RAM available for dynamic allocation:
1785299212.693 I (356) heap_init: At 3FC9DC30 len 000223D0 (136 KiB): RAM
1785299212.700 I (361) heap_init: At 3FCC0000 len 0001C710 (113 KiB): Retention RAM
1785299212.706 I (367) heap_init: At 3FCDC710 len 00002950 (10 KiB): Retention RAM
1785299212.711 I (373) heap_init: At 50000024 len 00001FC4 (7 KiB): RTCRAM
1785299212.715 I (379) spi_flash: detected chip: generic
1785299212.718 I (382) spi_flash: flash io: dio
1785299212.730 W (385) spi_flash: Detected size(4096k) larger than the size in the binary image header(2048k). Using the size in the binary image header.
1785299212.736 I (398) sleep_gpio: Configure to isolate all GPIO pins in sleep state
1785299212.742 I (403) sleep_gpio: Enable automatic switching of GPIO sleep configuration
1785299212.746 I (410) main_task: Started on CPU0
1785299212.749 I (410) main_task: Calling app_main()
1785299212.754 I (420) io_mode: Active hardware I/O mode: SENSOR
1785299212.763 I (420) system_buttons: System button manager initialized with GPIO interrupts BUTTON_1=4 BUTTON_2=5
1785299212.771 I (430) error_manager: Error manager initialized (button GPIOs managed by system_button_manager)
1785299212.775 I (430) resq_fsm: Entering state: BOOT
1785299212.780 I (440) status_indicator: State indicator changed to BOOT
1785299212.785 I (440) provisioning_manager: Provisioning manager initialized
1785299212.789 I (450) pp: pp rom version: 9387209
1785299212.793 I (450) net80211: net80211 rom version: 9387209
1785299212.799 I (470) wifi:wifi driver task: 3fca8660, prio:23, stack:6656, core=0
1785299212.803 I (470) wifi:wifi firmware version: 44738b4
1785299212.808 I (470) wifi:wifi certification version: v7.0
1785299212.811 I (470) wifi:config NVS flash: enabled
1785299212.815 I (470) wifi:config nano formatting: disabled
1785299212.820 I (480) wifi:Init data frame dynamic rx buffer num: 32
1785299212.824 I (480) wifi:Init static rx mgmt buffer num: 5
1785299212.829 I (490) wifi:Init management short buffer num: 32
1785299212.832 I (490) wifi:Init dynamic tx buffer num: 32
1785299212.836 I (490) wifi:Init static tx FG buffer num: 2
1785299212.841 I (500) wifi:Init static rx buffer size: 1600
1785299212.844 I (500) wifi:Init static rx buffer num: 10
1785299212.848 I (510) wifi:Init dynamic rx buffer num: 32
1785299212.851 I (510) wifi_init: rx ba win: 6
1785299212.854 I (510) wifi_init: accept mbox: 6
1785299212.857 I (520) wifi_init: tcpip mbox: 32
1785299212.860 I (520) wifi_init: udp mbox: 6
1785299212.863 I (520) wifi_init: tcp mbox: 6
1785299212.866 I (520) wifi_init: tcp tx win: 5760
1785299212.869 I (530) wifi_init: tcp rx win: 5760
1785299212.872 I (530) wifi_init: tcp mss: 1440
1785299212.876 I (530) wifi_init: WiFi IRAM OP enabled
1785299212.879 I (540) wifi_init: WiFi RX IRAM OP enabled
1785299212.884 I (540) wifi_manager: Wi-Fi manager initialized
1785299212.888 I (550) paired_idle: Paired idle manager initialized
1785299212.895 I (550) adc_shared_service: Shared ADC service initialized for Hall channel
1785299212.900 I (560) calibration_manager: Calibration manager initialized
1785299212.910 I (560) calibration_fail_mgr: Calibration fail manager initialized (button GPIOs managed by system_button_manager)
1785299212.915 I (570) buzzer_manager: buzzer initialized on gpio 18
1785299212.922 I (580) resq_main: Sensor-mode components initialized; shared HX710 SCK is LOW
1785299212.927 I (580) resq_main: Core firmware components initialized
1785299212.931 I (590) resq_fsm: Entering state: CONFIG_CHECK
1785299212.937 I (590) status_indicator: State indicator changed to CONFIG_CHECK
1785299213.026 I (700) resq_fsm: Entering state: WIFI_CONNECTING
1785299213.032 I (700) status_indicator: State indicator changed to WIFI_CONNECTING
1785299213.131 W (800) wifi:Password length matches WPA2 standards, authmode threshold changes from OPEN to WPA2
1785299213.137 I (800) phy_init: phy_version 1232,d493f299,Aug 25 2025,19:01:20
1785299213.164 I (830) wifi:mode : sta (50:78:7d:92:5d:a4)
1785299213.166 I (830) wifi:enable tsf
1785299213.170 I (840) wifi_manager: Wi-Fi STA started
1785299213.175 I (840) wifi_manager: Connecting to Wi-Fi SSID: Dialog 4G 7A5
1785299213.182 I (840) wifi:new:<6,1>, old:<1,0>, ap:<255,255>, sta:<6,1>, prof:1, snd_ch_cfg:0x0
1785299213.186 I (850) wifi:state: init -> auth (0xb0)
1785299213.191 I (860) wifi:state: auth -> assoc (0x0)
1785299213.213 I (880) wifi:state: assoc -> run (0x10)
1785299213.324 I (990) wifi:connected with Dialog 4G 7A5, aid = 1, channel 6, 40U, bssid = c0:5b:25:30:a7:a5
1785299213.329 I (990) wifi:security: WPA2-PSK, phy: bgn, rssi: -54
1785299213.332 I (990) wifi:pm start, type: 1
1785299213.332 
1785299213.342 I (990) wifi:dp: 1, bi: 102400, li: 3, scale listen interval from 307200 us to 307200 us
1785299213.348 I (1000) wifi:set rx beacon pti, rx_bcn_pti: 0, bcn_timeout: 25000, mt_pti: 0, mt_time: 10000
1785299213.360 I (1030) wifi:<ba-add>idx:0 (ifx:0, c0:5b:25:30:a7:a5), tid:0, ssn:3, winSize:64
1785299213.376 I (1040) wifi:AP's beacon interval = 102400 us, DTIM period = 1
1785299214.360 I (2030) esp_netif_handlers: sta ip: 192.168.8.161, mask: 255.255.255.0, gw: 192.168.8.1
1785299214.364 I (2030) wifi_manager: Got IP: 192.168.8.161
1785299214.369 I (2030) wifi_manager: Wi-Fi connected successfully
1785299214.374 I (2030) resq_fsm: Entering state: BACKEND_REGISTERING
1785299214.380 I (2040) status_indicator: State indicator changed to BACKEND_REGISTERING
1785299214.467 I (2140) resq_fsm: Backend registration start mode=SENSOR
1785299214.476 I (2140) backend_register: Sending registration to: http://192.168.8.187:18080/api/devices/register
1785299214.814 I (2480) backend_register: Registration HTTP status: 200
1785299214.820 I (2490) backend_register: Registration response parsed successfully
1785299214.829 I (2490) backend_register: Registration complete device_id=M637 mqtt_host=192.168.8.187 mqtt_port=1883
1785299214.834 I (2490) resq_fsm: Entering state: MQTT_CONNECTING
1785299214.840 I (2500) status_indicator: State indicator changed to MQTT_CONNECTING
1785299214.947 I (2610) mqtt_manager: MQTT transport connected; subscribing to commands
1785299214.955 I (2620) mqtt_manager: Command subscription requested: resq/M637/cmd/# (msg_id=40907)
1785299214.959 I (2620) mqtt_manager: MQTT command channel ready
1785299214.967 I (2630) resq_fsm: Entering state: READY_FOR_SESSION
1785299214.973 I (2640) status_indicator: State indicator changed to READY_FOR_SESSION
1785299215.068 I (2740) status_indicator: State indicator changed to READY_FOR_SESSION
1785299215.075 I (2740) status_indicator: State indicator changed to READY_FOR_SESSION
1785299216.412 SESSION_COMMAND_PUBLISHED
1785299216.477 I (4140) mqtt_manager: MQTT command received topic=resq/M637/cmd/session/start payload_len=225
1785299216.505 I (4150) mqtt_manager: Dequeued MQTT command topic=resq/M637/cmd/session/start payload={"request_id":"phase7-wdt-repro-start-20260729-04","session_id":"phase7-wdt-repro-20260729-04","profile_id":"adult-basic","profile_version":1,"profile_hash":"a82453dd6c8100d280a5b711dceca20b8df17fe45ec7dfc6fbfd0d2ad257068f"}
1785299216.505 
1785299216.512 I (4170) paired_idle: Command suffix=cmd/session/start visible_state=READY_FOR_SESSION
1785299216.521 I (4180) session_manager: Session started id=phase7-wdt-repro-20260729-04 profile=adult-basic
1785299216.527 I (4180) session_active_mgr: SESSION_PRESSURE_AVAILABLE valid_mask=0x07
1785299216.591 I (4260) resq_fsm: Entering state: SESSION_ACTIVE
1785299216.597 I (4260) status_indicator: State indicator changed to SESSION_ACTIVE
1785299216.772 W (4430) session_active_mgr: HX710_SESSION_READ: err=ESP_ERR_TIMEOUT initial=0x00 ready=0x00 valid=0x00 not_ready=0x07 stuck_high=0x07 stuck_low=0x00 post_invalid=0x00 next_ready_warning=0x00 pulses=0 ready_wait_ms=0 consecutive=1
1785299216.778 I (4430) session_active_mgr: SESSION_PRESSURE_TEMPORARILY_INVALID
1785299216.970 I (4640) cpr_metrics: SESSION_COMPRESSION_PRESSURE_RESET compression=1
1785299217.053 I (4720) session_active_mgr: SESSION_PRESSURE_RECOVERED valid_mask=0x07
1785299217.928 I (5600) cpr_metrics: SESSION_COMPRESSION_PRESSURE_RESET compression=2
1785299221.370 I (9040) cpr_metrics: SESSION_COMPRESSION_PRESSURE_RESET compression=3
1785299222.589 I (10260) cpr_metrics: SESSION_COMPRESSION_PRESSURE_RESET compression=4
1785299225.688 I (13360) cpr_metrics: SESSION_COMPRESSION_PRESSURE_RESET compression=5
1785299226.069 I (13740) cpr_metrics: SESSION_COMPRESSION_PRESSURE_RESET compression=6
