resq/M01/status {"state":"PAIRED_IDLE","session_active":false,"session_id":"","calibrated":false,"last_error_id":"00000","ip":"192.168.8.120","ts_ms":6949}
resq/M01/cmd/calibration/start {"bladder_2_pressure":100,"profile_id":"adult-basic","hall_delta":1000,"issued_at_ms":1785215849951,"request_id":"phase03-calibration-start","bladder_1_pressure":100,"ref_pressure":100}
resq/M01/heartbeat {"state":"PAIRED_IDLE","wifi_connected":true,"mqtt_connected":true,"backend_registered":true,"session_active":false,"sensor_running":false,"session_id":"","calibrated":false,"uptime_ms":67089,"ts_ms":67089}
resq/M01/status {"state":"PAIRED_IDLE","session_active":false,"session_id":"","calibrated":false,"last_error_id":"00000","ip":"192.168.8.120","ts_ms":67094}
resq/M01/status {"state":"CALIBRATING","session_active":false,"session_id":"","calibrated":false,"last_error_id":"00000","ip":"192.168.8.120","ts_ms":67094}
resq/M01/events/calibration {"event_id":4000,"reply_id":"phase03-calibration-start","status":"ACK","state":"CALIBRATING","reason_id":"00000","action_id":2,"ts_ms":67099}
resq/M01/events/calibration {"event_id":4001,"reply_id":"phase03-calibration-start","progress_id":1,"state":"CALIBRATING","reason_id":"00000","action_id":2,"ts_ms":67288}
resq/M01/events/calibration {"event_id":4001,"reply_id":"phase03-calibration-start","progress_id":2,"state":"CALIBRATING","reason_id":"00000","action_id":2,"ts_ms":67430}
resq/M01/events/calibration {"event_id":4001,"reply_id":"phase03-calibration-start","progress_id":3,"state":"CALIBRATING","reason_id":"00000","action_id":2,"ts_ms":67554}
resq/M01/events/calibration {"event_id":4001,"reply_id":"phase03-calibration-start","progress_id":4,"state":"CALIBRATING","reason_id":"00000","action_id":2,"ts_ms":67685}
resq/M01/events/calibration {"event_id":4001,"reply_id":"phase03-calibration-start","progress_id":5,"state":"CALIBRATING","reason_id":"00000","action_id":2,"ts_ms":67805}
resq/M01/events/calibration {"event_id":4001,"reply_id":"phase03-calibration-start","progress_id":6,"state":"CALIBRATING","reason_id":"00000","action_id":2,"ts_ms":67895}
resq/M01/events/calibration {"event_id":4001,"reply_id":"phase03-calibration-start","progress_id":7,"state":"CALIBRATING","reason_id":"00000","action_id":2,"ts_ms":68083}
resq/M01/heartbeat {"state":"CALIBRATING","wifi_connected":true,"mqtt_connected":true,"backend_registered":true,"session_active":false,"sensor_running":false,"session_id":"","calibrated":false,"uptime_ms":68148,"ts_ms":68148}
resq/M01/events/calibration {"event_id":4001,"reply_id":"phase03-calibration-start","progress_id":8,"state":"CALIBRATING","reason_id":"00000","action_id":2,"ts_ms":68150}
resq/M01/events/calibration {"event_id":4001,"reply_id":"phase03-calibration-start","progress_id":9,"state":"CALIBRATING","reason_id":"00000","action_id":2,"ts_ms":68295}
resq/M01/events/calibration {"event_id":4001,"reply_id":"phase03-calibration-start","progress_id":10,"state":"CALIBRATING","reason_id":"00000","action_id":2,"ts_ms":68379}
resq/M01/events/calibration {"event_id":4002,"reply_id":"phase03-calibration-start","result":"PASS","status":"ACK","progress_id":11,"state":"READY_FOR_SESSION","reason_id":"00000","action_id":0,"ts_ms":68589}
resq/M01/status {"state":"READY_FOR_SESSION","session_active":false,"session_id":"","calibrated":true,"last_error_id":"00000","ip":"192.168.8.120","ts_ms":68590}
resq/M01/heartbeat {"state":"READY_FOR_SESSION","wifi_connected":true,"mqtt_connected":true,"backend_registered":true,"session_active":false,"sensor_running":false,"session_id":"","calibrated":true,"uptime_ms":69235,"ts_ms":69235}
resq/M01/heartbeat {"state":"READY_FOR_SESSION","wifi_connected":true,"mqtt_connected":true,"backend_registered":true,"session_active":false,"sensor_running":false,"session_id":"","calibrated":true,"uptime_ms":70343,"ts_ms":70343}
resq/M01/heartbeat {"state":"READY_FOR_SESSION","wifi_connected":true,"mqtt_connected":true,"backend_registered":true,"session_active":false,"sensor_running":false,"session_id":"","calibrated":true,"uptime_ms":71433,"ts_ms":71433}
resq/M01/heartbeat {"state":"READY_FOR_SESSION","wifi_connected":true,"mqtt_connected":true,"backend_registered":true,"session_active":false,"sensor_running":false,"session_id":"","calibrated":true,"uptime_ms":72534,"ts_ms":72534}
resq/M01/heartbeat {"state":"READY_FOR_SESSION","wifi_connected":true,"mqtt_connected":true,"backend_registered":true,"session_active":false,"sensor_running":false,"session_id":"","calibrated":true,"uptime_ms":73586,"ts_ms":73586}
resq/M01/heartbeat {"state":"READY_FOR_SESSION","wifi_connected":true,"mqtt_connected":true,"backend_registered":true,"session_active":false,"sensor_running":false,"session_id":"","calibrated":true,"uptime_ms":74656,"ts_ms":74656}
resq/M01/heartbeat {"state":"READY_FOR_SESSION","wifi_connected":true,"mqtt_connected":true,"backend_registered":true,"session_active":false,"sensor_running":false,"session_id":"","calibrated":true,"uptime_ms":75700,"ts_ms":75700}
resq/M01/heartbeat {"state":"READY_FOR_SESSION","wifi_connected":true,"mqtt_connected":true,"backend_registered":true,"session_active":false,"sensor_running":false,"session_id":"","calibrated":true,"uptime_ms":76735,"ts_ms":76735}
resq/M01/heartbeat {"state":"READY_FOR_SESSION","wifi_connected":true,"mqtt_connected":true,"backend_registered":true,"session_active":false,"sensor_running":false,"session_id":"","calibrated":true,"uptime_ms":77773,"ts_ms":77773}
resq/M01/heartbeat {"state":"READY_FOR_SESSION","wifi_connected":true,"mqtt_connected":true,"backend_registered":true,"session_active":false,"sensor_running":false,"session_id":"","calibrated":true,"uptime_ms":78823,"ts_ms":78823}
resq/M01/heartbeat {"state":"READY_FOR_SESSION","wifi_connected":true,"mqtt_connected":true,"backend_registered":true,"session_active":false,"sensor_running":false,"session_id":"","calibrated":true,"uptime_ms":79859,"ts_ms":79859}
resq/M01/heartbeat {"state":"READY_FOR_SESSION","wifi_connected":true,"mqtt_connected":true,"backend_registered":true,"session_active":false,"sensor_running":false,"session_id":"","calibrated":true,"uptime_ms":80918,"ts_ms":80918}
resq/M01/heartbeat {"state":"READY_FOR_SESSION","wifi_connected":true,"mqtt_connected":true,"backend_registered":true,"session_active":false,"sensor_running":false,"session_id":"","calibrated":true,"uptime_ms":81955,"ts_ms":81955}
resq/M01/heartbeat {"state":"READY_FOR_SESSION","wifi_connected":true,"mqtt_connected":true,"backend_registered":true,"session_active":false,"sensor_running":false,"session_id":"","calibrated":true,"uptime_ms":83005,"ts_ms":83005}
resq/M01/heartbeat {"state":"READY_FOR_SESSION","wifi_connected":true,"mqtt_connected":true,"backend_registered":true,"session_active":false,"sensor_running":false,"session_id":"","calibrated":true,"uptime_ms":84053,"ts_ms":84053}
resq/M01/heartbeat {"state":"READY_FOR_SESSION","wifi_connected":true,"mqtt_connected":true,"backend_registered":true,"session_active":false,"sensor_running":false,"session_id":"","calibrated":true,"uptime_ms":85092,"ts_ms":85092}
resq/M01/heartbeat {"state":"READY_FOR_SESSION","wifi_connected":true,"mqtt_connected":true,"backend_registered":true,"session_active":false,"sensor_running":false,"session_id":"","calibrated":true,"uptime_ms":86152,"ts_ms":86152}
resq/M01/heartbeat {"state":"READY_FOR_SESSION","wifi_connected":true,"mqtt_connected":true,"backend_registered":true,"session_active":false,"sensor_running":false,"session_id":"","calibrated":true,"uptime_ms":87192,"ts_ms":87192}
resq/M01/heartbeat {"state":"READY_FOR_SESSION","wifi_connected":true,"mqtt_connected":true,"backend_registered":true,"session_active":false,"sensor_running":false,"session_id":"","calibrated":true,"uptime_ms":88223,"ts_ms":88223}
resq/M01/heartbeat {"state":"READY_FOR_SESSION","wifi_connected":true,"mqtt_connected":true,"backend_registered":true,"session_active":false,"sensor_running":false,"session_id":"","calibrated":true,"uptime_ms":89264,"ts_ms":89264}
resq/M01/heartbeat {"state":"READY_FOR_SESSION","wifi_connected":true,"mqtt_connected":true,"backend_registered":true,"session_active":false,"sensor_running":false,"session_id":"","calibrated":true,"uptime_ms":90286,"ts_ms":90286}
resq/M01/heartbeat {"state":"READY_FOR_SESSION","wifi_connected":true,"mqtt_connected":true,"backend_registered":true,"session_active":false,"sensor_running":false,"session_id":"","calibrated":true,"uptime_ms":91372,"ts_ms":91372}
resq/M01/heartbeat {"state":"READY_FOR_SESSION","wifi_connected":true,"mqtt_connected":true,"backend_registered":true,"session_active":false,"sensor_running":false,"session_id":"","calibrated":true,"uptime_ms":92434,"ts_ms":92434}
resq/M01/heartbeat {"state":"READY_FOR_SESSION","wifi_connected":true,"mqtt_connected":true,"backend_registered":true,"session_active":false,"sensor_running":false,"session_id":"","calibrated":true,"uptime_ms":93477,"ts_ms":93477}
resq/M01/heartbeat {"state":"READY_FOR_SESSION","wifi_connected":true,"mqtt_connected":true,"backend_registered":true,"session_active":false,"sensor_running":false,"session_id":"","calibrated":true,"uptime_ms":94529,"ts_ms":94529}
resq/M01/heartbeat {"state":"READY_FOR_SESSION","wifi_connected":true,"mqtt_connected":true,"backend_registered":true,"session_active":false,"sensor_running":false,"session_id":"","calibrated":true,"uptime_ms":95569,"ts_ms":95569}
resq/M01/heartbeat {"state":"READY_FOR_SESSION","wifi_connected":true,"mqtt_connected":true,"backend_registered":true,"session_active":false,"sensor_running":false,"session_id":"","calibrated":true,"uptime_ms":96632,"ts_ms":96632}
resq/M01/heartbeat {"state":"READY_FOR_SESSION","wifi_connected":true,"mqtt_connected":true,"backend_registered":true,"session_active":false,"sensor_running":false,"session_id":"","calibrated":true,"uptime_ms":97681,"ts_ms":97681}
resq/M01/heartbeat {"state":"READY_FOR_SESSION","wifi_connected":true,"mqtt_connected":true,"backend_registered":true,"session_active":false,"sensor_running":false,"session_id":"","calibrated":true,"uptime_ms":98781,"ts_ms":98781}
resq/M01/heartbeat {"state":"READY_FOR_SESSION","wifi_connected":true,"mqtt_connected":true,"backend_registered":true,"session_active":false,"sensor_running":false,"session_id":"","calibrated":true,"uptime_ms":99819,"ts_ms":99819}
resq/M01/heartbeat {"state":"READY_FOR_SESSION","wifi_connected":true,"mqtt_connected":true,"backend_registered":true,"session_active":false,"sensor_running":false,"session_id":"","calibrated":true,"uptime_ms":100857,"ts_ms":100857}
resq/M01/heartbeat {"state":"READY_FOR_SESSION","wifi_connected":true,"mqtt_connected":true,"backend_registered":true,"session_active":false,"sensor_running":false,"session_id":"","calibrated":true,"uptime_ms":101966,"ts_ms":101966}
resq/M01/heartbeat {"state":"READY_FOR_SESSION","wifi_connected":true,"mqtt_connected":true,"backend_registered":true,"session_active":false,"sensor_running":false,"session_id":"","calibrated":true,"uptime_ms":103027,"ts_ms":103027}
resq/M01/heartbeat {"state":"READY_FOR_SESSION","wifi_connected":true,"mqtt_connected":true,"backend_registered":true,"session_active":false,"sensor_running":false,"session_id":"","calibrated":true,"uptime_ms":104089,"ts_ms":104089}
resq/M01/heartbeat {"state":"READY_FOR_SESSION","wifi_connected":true,"mqtt_connected":true,"backend_registered":true,"session_active":false,"sensor_running":false,"session_id":"","calibrated":true,"uptime_ms":105216,"ts_ms":105216}
resq/M01/heartbeat {"state":"READY_FOR_SESSION","wifi_connected":true,"mqtt_connected":true,"backend_registered":true,"session_active":false,"sensor_running":false,"session_id":"","calibrated":true,"uptime_ms":106229,"ts_ms":106229}
resq/M01/heartbeat {"state":"READY_FOR_SESSION","wifi_connected":true,"mqtt_connected":true,"backend_registered":true,"session_active":false,"sensor_running":false,"session_id":"","calibrated":true,"uptime_ms":107244,"ts_ms":107244}
resq/M01/heartbeat {"state":"READY_FOR_SESSION","wifi_connected":true,"mqtt_connected":true,"backend_registered":true,"session_active":false,"sensor_running":false,"session_id":"","calibrated":true,"uptime_ms":108247,"ts_ms":108247}
resq/M01/heartbeat {"state":"READY_FOR_SESSION","wifi_connected":true,"mqtt_connected":true,"backend_registered":true,"session_active":false,"sensor_running":false,"session_id":"","calibrated":true,"uptime_ms":109247,"ts_ms":109247}
resq/M01/heartbeat {"state":"READY_FOR_SESSION","wifi_connected":true,"mqtt_connected":true,"backend_registered":true,"session_active":false,"sensor_running":false,"session_id":"","calibrated":true,"uptime_ms":110261,"ts_ms":110261}
resq/M01/heartbeat {"state":"READY_FOR_SESSION","wifi_connected":true,"mqtt_connected":true,"backend_registered":true,"session_active":false,"sensor_running":false,"session_id":"","calibrated":true,"uptime_ms":111264,"ts_ms":111264}
resq/M01/heartbeat {"state":"READY_FOR_SESSION","wifi_connected":true,"mqtt_connected":true,"backend_registered":true,"session_active":false,"sensor_running":false,"session_id":"","calibrated":true,"uptime_ms":112277,"ts_ms":112277}
resq/M01/heartbeat {"state":"READY_FOR_SESSION","wifi_connected":true,"mqtt_connected":true,"backend_registered":true,"session_active":false,"sensor_running":false,"session_id":"","calibrated":true,"uptime_ms":113318,"ts_ms":113318}
resq/M01/heartbeat {"state":"READY_FOR_SESSION","wifi_connected":true,"mqtt_connected":true,"backend_registered":true,"session_active":false,"sensor_running":false,"session_id":"","calibrated":true,"uptime_ms":114363,"ts_ms":114363}
resq/M01/heartbeat {"state":"READY_FOR_SESSION","wifi_connected":true,"mqtt_connected":true,"backend_registered":true,"session_active":false,"sensor_running":false,"session_id":"","calibrated":true,"uptime_ms":115434,"ts_ms":115434}
resq/M01/heartbeat {"state":"READY_FOR_SESSION","wifi_connected":true,"mqtt_connected":true,"backend_registered":true,"session_active":false,"sensor_running":false,"session_id":"","calibrated":true,"uptime_ms":116495,"ts_ms":116495}
resq/M01/heartbeat {"state":"READY_FOR_SESSION","wifi_connected":true,"mqtt_connected":true,"backend_registered":true,"session_active":false,"sensor_running":false,"session_id":"","calibrated":true,"uptime_ms":117564,"ts_ms":117564}
resq/M01/heartbeat {"state":"READY_FOR_SESSION","wifi_connected":true,"mqtt_connected":true,"backend_registered":true,"session_active":false,"sensor_running":false,"session_id":"","calibrated":true,"uptime_ms":118627,"ts_ms":118627}
resq/M01/heartbeat {"state":"READY_FOR_SESSION","wifi_connected":true,"mqtt_connected":true,"backend_registered":true,"session_active":false,"sensor_running":false,"session_id":"","calibrated":true,"uptime_ms":119664,"ts_ms":119664}
resq/M01/heartbeat {"state":"READY_FOR_SESSION","wifi_connected":true,"mqtt_connected":true,"backend_registered":true,"session_active":false,"sensor_running":false,"session_id":"","calibrated":true,"uptime_ms":120739,"ts_ms":120739}
resq/M01/heartbeat {"state":"READY_FOR_SESSION","wifi_connected":true,"mqtt_connected":true,"backend_registered":true,"session_active":false,"sensor_running":false,"session_id":"","calibrated":true,"uptime_ms":121790,"ts_ms":121791}
resq/M01/heartbeat {"state":"READY_FOR_SESSION","wifi_connected":true,"mqtt_connected":true,"backend_registered":true,"session_active":false,"sensor_running":false,"session_id":"","calibrated":true,"uptime_ms":122820,"ts_ms":122820}
resq/M01/heartbeat {"state":"READY_FOR_SESSION","wifi_connected":true,"mqtt_connected":true,"backend_registered":true,"session_active":false,"sensor_running":false,"session_id":"","calibrated":true,"uptime_ms":124094,"ts_ms":124094}
resq/M01/heartbeat {"state":"READY_FOR_SESSION","wifi_connected":true,"mqtt_connected":true,"backend_registered":true,"session_active":false,"sensor_running":false,"session_id":"","calibrated":true,"uptime_ms":125165,"ts_ms":125165}
resq/M01/heartbeat {"state":"READY_FOR_SESSION","wifi_connected":true,"mqtt_connected":true,"backend_registered":true,"session_active":false,"sensor_running":false,"session_id":"","calibrated":true,"uptime_ms":126216,"ts_ms":126216}
resq/M01/heartbeat {"state":"READY_FOR_SESSION","wifi_connected":true,"mqtt_connected":true,"backend_registered":true,"session_active":false,"sensor_running":false,"session_id":"","calibrated":true,"uptime_ms":127246,"ts_ms":127246}
resq/M01/heartbeat {"state":"READY_FOR_SESSION","wifi_connected":true,"mqtt_connected":true,"backend_registered":true,"session_active":false,"sensor_running":false,"session_id":"","calibrated":true,"uptime_ms":128334,"ts_ms":128334}
resq/M01/heartbeat {"state":"READY_FOR_SESSION","wifi_connected":true,"mqtt_connected":true,"backend_registered":true,"session_active":false,"sensor_running":false,"session_id":"","calibrated":true,"uptime_ms":129371,"ts_ms":129371}
resq/M01/heartbeat {"state":"READY_FOR_SESSION","wifi_connected":true,"mqtt_connected":true,"backend_registered":true,"session_active":false,"sensor_running":false,"session_id":"","calibrated":true,"uptime_ms":130440,"ts_ms":130440}
resq/M01/heartbeat {"state":"READY_FOR_SESSION","wifi_connected":true,"mqtt_connected":true,"backend_registered":true,"session_active":false,"sensor_running":false,"session_id":"","calibrated":true,"uptime_ms":131518,"ts_ms":131518}
resq/M01/heartbeat {"state":"READY_FOR_SESSION","wifi_connected":true,"mqtt_connected":true,"backend_registered":true,"session_active":false,"sensor_running":false,"session_id":"","calibrated":true,"uptime_ms":132540,"ts_ms":132540}
resq/M01/heartbeat {"state":"READY_FOR_SESSION","wifi_connected":true,"mqtt_connected":true,"backend_registered":true,"session_active":false,"sensor_running":false,"session_id":"","calibrated":true,"uptime_ms":133569,"ts_ms":133569}
resq/M01/heartbeat {"state":"READY_FOR_SESSION","wifi_connected":true,"mqtt_connected":true,"backend_registered":true,"session_active":false,"sensor_running":false,"session_id":"","calibrated":true,"uptime_ms":134617,"ts_ms":134617}
resq/M01/heartbeat {"state":"READY_FOR_SESSION","wifi_connected":true,"mqtt_connected":true,"backend_registered":true,"session_active":false,"sensor_running":false,"session_id":"","calibrated":true,"uptime_ms":135671,"ts_ms":135671}
resq/M01/heartbeat {"state":"READY_FOR_SESSION","wifi_connected":true,"mqtt_connected":true,"backend_registered":true,"session_active":false,"sensor_running":false,"session_id":"","calibrated":true,"uptime_ms":136762,"ts_ms":136762}
resq/M01/heartbeat {"state":"READY_FOR_SESSION","wifi_connected":true,"mqtt_connected":true,"backend_registered":true,"session_active":false,"sensor_running":false,"session_id":"","calibrated":true,"uptime_ms":137822,"ts_ms":137822}
resq/M01/heartbeat {"state":"READY_FOR_SESSION","wifi_connected":true,"mqtt_connected":true,"backend_registered":true,"session_active":false,"sensor_running":false,"session_id":"","calibrated":true,"uptime_ms":138856,"ts_ms":138856}
resq/M01/heartbeat {"state":"READY_FOR_SESSION","wifi_connected":true,"mqtt_connected":true,"backend_registered":true,"session_active":false,"sensor_running":false,"session_id":"","calibrated":true,"uptime_ms":139887,"ts_ms":139887}
resq/M01/heartbeat {"state":"READY_FOR_SESSION","wifi_connected":true,"mqtt_connected":true,"backend_registered":true,"session_active":false,"sensor_running":false,"session_id":"","calibrated":true,"uptime_ms":140961,"ts_ms":140961}
resq/M01/heartbeat {"state":"READY_FOR_SESSION","wifi_connected":true,"mqtt_connected":true,"backend_registered":true,"session_active":false,"sensor_running":false,"session_id":"","calibrated":true,"uptime_ms":141992,"ts_ms":141992}
resq/M01/heartbeat {"state":"READY_FOR_SESSION","wifi_connected":true,"mqtt_connected":true,"backend_registered":true,"session_active":false,"sensor_running":false,"session_id":"","calibrated":true,"uptime_ms":143091,"ts_ms":143091}
resq/M01/heartbeat {"state":"READY_FOR_SESSION","wifi_connected":true,"mqtt_connected":true,"backend_registered":true,"session_active":false,"sensor_running":false,"session_id":"","calibrated":true,"uptime_ms":144164,"ts_ms":144164}
resq/M01/heartbeat {"state":"READY_FOR_SESSION","wifi_connected":true,"mqtt_connected":true,"backend_registered":true,"session_active":false,"sensor_running":false,"session_id":"","calibrated":true,"uptime_ms":145202,"ts_ms":145202}
resq/M01/heartbeat {"state":"READY_FOR_SESSION","wifi_connected":true,"mqtt_connected":true,"backend_registered":true,"session_active":false,"sensor_running":false,"session_id":"","calibrated":true,"uptime_ms":146259,"ts_ms":146259}
resq/M01/heartbeat {"state":"READY_FOR_SESSION","wifi_connected":true,"mqtt_connected":true,"backend_registered":true,"session_active":false,"sensor_running":false,"session_id":"","calibrated":true,"uptime_ms":147342,"ts_ms":147342}
resq/M01/heartbeat {"state":"READY_FOR_SESSION","wifi_connected":true,"mqtt_connected":true,"backend_registered":true,"session_active":false,"sensor_running":false,"session_id":"","calibrated":true,"uptime_ms":148381,"ts_ms":148381}
resq/M01/heartbeat {"state":"READY_FOR_SESSION","wifi_connected":true,"mqtt_connected":true,"backend_registered":true,"session_active":false,"sensor_running":false,"session_id":"","calibrated":true,"uptime_ms":149464,"ts_ms":149464}
resq/M01/heartbeat {"state":"READY_FOR_SESSION","wifi_connected":true,"mqtt_connected":true,"backend_registered":true,"session_active":false,"sensor_running":false,"session_id":"","calibrated":true,"uptime_ms":150515,"ts_ms":150516}
resq/M01/heartbeat {"state":"READY_FOR_SESSION","wifi_connected":true,"mqtt_connected":true,"backend_registered":true,"session_active":false,"sensor_running":false,"session_id":"","calibrated":true,"uptime_ms":151557,"ts_ms":151557}
resq/M01/heartbeat {"state":"READY_FOR_SESSION","wifi_connected":true,"mqtt_connected":true,"backend_registered":true,"session_active":false,"sensor_running":false,"session_id":"","calibrated":true,"uptime_ms":152637,"ts_ms":152637}
resq/M01/heartbeat {"state":"READY_FOR_SESSION","wifi_connected":true,"mqtt_connected":true,"backend_registered":true,"session_active":false,"sensor_running":false,"session_id":"","calibrated":true,"uptime_ms":153738,"ts_ms":153738}
resq/M01/heartbeat {"state":"READY_FOR_SESSION","wifi_connected":true,"mqtt_connected":true,"backend_registered":true,"session_active":false,"sensor_running":false,"session_id":"","calibrated":true,"uptime_ms":154778,"ts_ms":154778}
resq/M01/heartbeat {"state":"READY_FOR_SESSION","wifi_connected":true,"mqtt_connected":true,"backend_registered":true,"session_active":false,"sensor_running":false,"session_id":"","calibrated":true,"uptime_ms":155823,"ts_ms":155823}
resq/M01/heartbeat {"state":"READY_FOR_SESSION","wifi_connected":true,"mqtt_connected":true,"backend_registered":true,"session_active":false,"sensor_running":false,"session_id":"","calibrated":true,"uptime_ms":156892,"ts_ms":156892}
resq/M01/heartbeat {"state":"READY_FOR_SESSION","wifi_connected":true,"mqtt_connected":true,"backend_registered":true,"session_active":false,"sensor_running":false,"session_id":"","calibrated":true,"uptime_ms":157993,"ts_ms":157993}
resq/M01/heartbeat {"state":"READY_FOR_SESSION","wifi_connected":true,"mqtt_connected":true,"backend_registered":true,"session_active":false,"sensor_running":false,"session_id":"","calibrated":true,"uptime_ms":159082,"ts_ms":159082}
resq/M01/heartbeat {"state":"READY_FOR_SESSION","wifi_connected":true,"mqtt_connected":true,"backend_registered":true,"session_active":false,"sensor_running":false,"session_id":"","calibrated":true,"uptime_ms":160153,"ts_ms":160153}
resq/M01/heartbeat {"state":"READY_FOR_SESSION","wifi_connected":true,"mqtt_connected":true,"backend_registered":true,"session_active":false,"sensor_running":false,"session_id":"","calibrated":true,"uptime_ms":161197,"ts_ms":161197}
resq/M01/heartbeat {"state":"READY_FOR_SESSION","wifi_connected":true,"mqtt_connected":true,"backend_registered":true,"session_active":false,"sensor_running":false,"session_id":"","calibrated":true,"uptime_ms":162286,"ts_ms":162286}
resq/M01/heartbeat {"state":"READY_FOR_SESSION","wifi_connected":true,"mqtt_connected":true,"backend_registered":true,"session_active":false,"sensor_running":false,"session_id":"","calibrated":true,"uptime_ms":163324,"ts_ms":163324}
resq/M01/heartbeat {"state":"READY_FOR_SESSION","wifi_connected":true,"mqtt_connected":true,"backend_registered":true,"session_active":false,"sensor_running":false,"session_id":"","calibrated":true,"uptime_ms":164380,"ts_ms":164380}
resq/M01/heartbeat {"state":"READY_FOR_SESSION","wifi_connected":true,"mqtt_connected":true,"backend_registered":true,"session_active":false,"sensor_running":false,"session_id":"","calibrated":true,"uptime_ms":165491,"ts_ms":165491}
resq/M01/heartbeat {"state":"READY_FOR_SESSION","wifi_connected":true,"mqtt_connected":true,"backend_registered":true,"session_active":false,"sensor_running":false,"session_id":"","calibrated":true,"uptime_ms":166513,"ts_ms":166513}
resq/M01/heartbeat {"state":"READY_FOR_SESSION","wifi_connected":true,"mqtt_connected":true,"backend_registered":true,"session_active":false,"sensor_running":false,"session_id":"","calibrated":true,"uptime_ms":167577,"ts_ms":167577}
resq/M01/heartbeat {"state":"READY_FOR_SESSION","wifi_connected":true,"mqtt_connected":true,"backend_registered":true,"session_active":false,"sensor_running":false,"session_id":"","calibrated":true,"uptime_ms":168617,"ts_ms":168617}
resq/M01/heartbeat {"state":"READY_FOR_SESSION","wifi_connected":true,"mqtt_connected":true,"backend_registered":true,"session_active":false,"sensor_running":false,"session_id":"","calibrated":true,"uptime_ms":169727,"ts_ms":169727}
resq/M01/heartbeat {"state":"READY_FOR_SESSION","wifi_connected":true,"mqtt_connected":true,"backend_registered":true,"session_active":false,"sensor_running":false,"session_id":"","calibrated":true,"uptime_ms":170765,"ts_ms":170765}
resq/M01/heartbeat {"state":"READY_FOR_SESSION","wifi_connected":true,"mqtt_connected":true,"backend_registered":true,"session_active":false,"sensor_running":false,"session_id":"","calibrated":true,"uptime_ms":171862,"ts_ms":171862}
resq/M01/heartbeat {"state":"READY_FOR_SESSION","wifi_connected":true,"mqtt_connected":true,"backend_registered":true,"session_active":false,"sensor_running":false,"session_id":"","calibrated":true,"uptime_ms":172947,"ts_ms":172947}
resq/M01/heartbeat {"state":"READY_FOR_SESSION","wifi_connected":true,"mqtt_connected":true,"backend_registered":true,"session_active":false,"sensor_running":false,"session_id":"","calibrated":true,"uptime_ms":174011,"ts_ms":174011}
resq/M01/heartbeat {"state":"READY_FOR_SESSION","wifi_connected":true,"mqtt_connected":true,"backend_registered":true,"session_active":false,"sensor_running":false,"session_id":"","calibrated":true,"uptime_ms":175130,"ts_ms":175130}
resq/M01/heartbeat {"state":"READY_FOR_SESSION","wifi_connected":true,"mqtt_connected":true,"backend_registered":true,"session_active":false,"sensor_running":false,"session_id":"","calibrated":true,"uptime_ms":176225,"ts_ms":176225}
resq/M01/heartbeat {"state":"READY_FOR_SESSION","wifi_connected":true,"mqtt_connected":true,"backend_registered":true,"session_active":false,"sensor_running":false,"session_id":"","calibrated":true,"uptime_ms":177273,"ts_ms":177273}
resq/M01/heartbeat {"state":"READY_FOR_SESSION","wifi_connected":true,"mqtt_connected":true,"backend_registered":true,"session_active":false,"sensor_running":false,"session_id":"","calibrated":true,"uptime_ms":178331,"ts_ms":178331}
resq/M01/heartbeat {"state":"READY_FOR_SESSION","wifi_connected":true,"mqtt_connected":true,"backend_registered":true,"session_active":false,"sensor_running":false,"session_id":"","calibrated":true,"uptime_ms":179359,"ts_ms":179359}
resq/M01/heartbeat {"state":"READY_FOR_SESSION","wifi_connected":true,"mqtt_connected":true,"backend_registered":true,"session_active":false,"sensor_running":false,"session_id":"","calibrated":true,"uptime_ms":180388,"ts_ms":180388}
resq/M01/heartbeat {"state":"READY_FOR_SESSION","wifi_connected":true,"mqtt_connected":true,"backend_registered":true,"session_active":false,"sensor_running":false,"session_id":"","calibrated":true,"uptime_ms":181410,"ts_ms":181410}
resq/M01/heartbeat {"state":"READY_FOR_SESSION","wifi_connected":true,"mqtt_connected":true,"backend_registered":true,"session_active":false,"sensor_running":false,"session_id":"","calibrated":true,"uptime_ms":182448,"ts_ms":182448}
resq/M01/heartbeat {"state":"READY_FOR_SESSION","wifi_connected":true,"mqtt_connected":true,"backend_registered":true,"session_active":false,"sensor_running":false,"session_id":"","calibrated":true,"uptime_ms":183505,"ts_ms":183505}
resq/M01/heartbeat {"state":"READY_FOR_SESSION","wifi_connected":true,"mqtt_connected":true,"backend_registered":true,"session_active":false,"sensor_running":false,"session_id":"","calibrated":true,"uptime_ms":184581,"ts_ms":184581}
resq/M01/heartbeat {"state":"READY_FOR_SESSION","wifi_connected":true,"mqtt_connected":true,"backend_registered":true,"session_active":false,"sensor_running":false,"session_id":"","calibrated":true,"uptime_ms":185624,"ts_ms":185624}
resq/M01/heartbeat {"state":"READY_FOR_SESSION","wifi_connected":true,"mqtt_connected":true,"backend_registered":true,"session_active":false,"sensor_running":false,"session_id":"","calibrated":true,"uptime_ms":186692,"ts_ms":186692}
resq/M01/heartbeat {"state":"READY_FOR_SESSION","wifi_connected":true,"mqtt_connected":true,"backend_registered":true,"session_active":false,"sensor_running":false,"session_id":"","calibrated":true,"uptime_ms":187780,"ts_ms":187780}
